// Jest Snapshot v1, https://goo.gl/fbAQLP

exports[`renders an image view component 1`] = `
<div
  className="view-wrapper"
>
  <h1
    className="documentFirstHeading"
  >
    Hello World!
  </h1>
  <p
    className="description"
  >
    Hi
  </p>
  <img
    alt="Hello World!"
    src="file:///preview.jpg"
  />
</div>
`;
