// Jest Snapshot v1, https://goo.gl/fbAQLP

exports[`Header renders a header component 1`] = `
<div
  className="ui basic segment"
>
  <div
    className="ui container"
  >
    <div
      className="ui stackable grid"
    >
      <div
        className="row header"
      >
        <div
          className="two wide column logo"
        >
          <div
            id="logo"
          />
        </div>
        <div
          className="five wide column navigation"
        >
          <div
            id="navigation"
          />
        </div>
        <div
          className="two wide column tools"
        >
          <div
            id="anontools"
          />
        </div>
        <div
          className="three wide column search"
        >
          <div
            id="searchwidget"
          />
        </div>
      </div>
    </div>
  </div>
</div>
`;
